
> magicmirror@2.11.0 start /home/pi/projects/MagicMirror
> DISPLAY="${DISPLAY:=:0}" ./node_modules/.bin/electron js/electron.js

[2020-06-24 21:33:18.533] [LOG]    Starting MagicMirror: v2.11.0
[2020-06-24 21:33:18.544] [LOG]    Loading config ...
[2020-06-24 21:33:18.556] [LOG]    Loading module helpers ...
[2020-06-24 21:33:18.560] [LOG]    No helper found for module: alert.
[2020-06-24 21:33:18.631] [LOG]    Initializing new module helper ...
[2020-06-24 21:33:18.632] [LOG]    Module helper loaded: updatenotification
[2020-06-24 21:33:18.633] [LOG]    No helper found for module: clock.
[2020-06-24 21:33:19.259] [LOG]    Initializing new module helper ...
[2020-06-24 21:33:19.260] [LOG]    Module helper loaded: calendar
[2020-06-24 21:33:19.261] [LOG]    No helper found for module: compliments.
[2020-06-24 21:33:19.262] [LOG]    No helper found for module: currentweather.
[2020-06-24 21:33:19.262] [LOG]    No helper found for module: weatherforecast.
[2020-06-24 21:33:19.300] [LOG]    Initializing new module helper ...
[2020-06-24 21:33:19.301] [LOG]    Module helper loaded: newsfeed
[2020-06-24 21:33:19.302] [LOG]    All module helpers loaded.
[2020-06-24 21:33:19.476] [LOG]    Starting server on port 8080 ... 
[2020-06-24 21:33:19.496] [LOG]    Server started ...
[2020-06-24 21:33:19.497] [LOG]    Connecting socket for: updatenotification
[2020-06-24 21:33:19.498] [LOG]    Connecting socket for: calendar
[2020-06-24 21:33:19.499] [LOG]    Starting node helper for: calendar
[2020-06-24 21:33:19.499] [LOG]    Connecting socket for: newsfeed
[2020-06-24 21:33:19.500] [LOG]    Starting module: newsfeed
[2020-06-24 21:33:19.500] [LOG]    Sockets connected & modules started ...
[2020-06-24 21:33:19.634] [LOG]    Whoops! There was an uncaught exception...
[2020-06-24 21:33:19.635] [ERROR]  Error: listen EADDRINUSE: address already in use 127.0.0.1:8080
    at Server.setupListenHandle [as _listen2] (net.js:1226:14)
    at listenInCluster (net.js:1274:12)
    at GetAddrInfoReqWrap.doListen [as callback] (net.js:1413:7)
    at GetAddrInfoReqWrap.onlookup [as oncomplete] (dns.js:65:10) {
  code: 'EADDRINUSE',
  errno: 'EADDRINUSE',
  syscall: 'listen',
  address: '127.0.0.1',
  port: 8080
}
[2020-06-24 21:33:19.645] [LOG]    MagicMirror will not quit, but it might be a good idea to check why this happened. Maybe no internet connection?
[2020-06-24 21:33:19.646] [LOG]    If you think this really is an issue, please open an issue on GitHub: https://github.com/MichMich/MagicMirror/issues
[2020-06-24 21:33:19.660] [LOG]    Launching application.
[2020-06-24 21:33:57.462] [LOG]    Shutting down server...
[2020-06-24 21:33:57.468] [LOG]    Stopping module helper: updatenotification
[2020-06-24 21:33:57.470] [LOG]    Stopping module helper: calendar
[2020-06-24 21:33:57.471] [LOG]    Stopping module helper: newsfeed

> magicmirror@2.11.0 start /home/pi/projects/MagicMirror
> DISPLAY="${DISPLAY:=:0}" ./node_modules/.bin/electron js/electron.js

[2020-06-29 21:52:00.488] [LOG]    Starting MagicMirror: v2.11.0
[2020-06-29 21:52:00.536] [LOG]    Loading config ...
[2020-06-29 21:52:00.547] [LOG]    Loading module helpers ...
[2020-06-29 21:52:00.551] [LOG]    No helper found for module: alert.
[2020-06-29 21:52:00.655] [LOG]    Initializing new module helper ...
[2020-06-29 21:52:00.656] [LOG]    Module helper loaded: updatenotification
[2020-06-29 21:52:00.658] [LOG]    No helper found for module: clock.
[2020-06-29 21:52:01.586] [LOG]    Initializing new module helper ...
[2020-06-29 21:52:01.587] [LOG]    Module helper loaded: calendar
[2020-06-29 21:52:01.589] [LOG]    No helper found for module: compliments.
[2020-06-29 21:52:01.591] [LOG]    No helper found for module: currentweather.
[2020-06-29 21:52:01.592] [LOG]    No helper found for module: weatherforecast.
[2020-06-29 21:52:01.655] [LOG]    Initializing new module helper ...
[2020-06-29 21:52:01.656] [LOG]    Module helper loaded: newsfeed
[2020-06-29 21:52:01.656] [LOG]    All module helpers loaded.
[2020-06-29 21:52:01.984] [LOG]    Starting server on port 8080 ... 
[2020-06-29 21:52:02.021] [LOG]    Server started ...
[2020-06-29 21:52:02.022] [LOG]    Connecting socket for: updatenotification
[2020-06-29 21:52:02.024] [LOG]    Connecting socket for: calendar
[2020-06-29 21:52:02.024] [LOG]    Starting node helper for: calendar
[2020-06-29 21:52:02.025] [LOG]    Connecting socket for: newsfeed
[2020-06-29 21:52:02.026] [LOG]    Starting module: newsfeed
[2020-06-29 21:52:02.026] [LOG]    Sockets connected & modules started ...
[2020-06-29 21:52:02.529] [LOG]    Whoops! There was an uncaught exception...
[2020-06-29 21:52:02.530] [ERROR]  Error: listen EADDRINUSE: address already in use 127.0.0.1:8080
    at Server.setupListenHandle [as _listen2] (net.js:1226:14)
    at listenInCluster (net.js:1274:12)
    at GetAddrInfoReqWrap.doListen [as callback] (net.js:1413:7)
    at GetAddrInfoReqWrap.onlookup [as oncomplete] (dns.js:65:10) {
  code: 'EADDRINUSE',
  errno: 'EADDRINUSE',
  syscall: 'listen',
  address: '127.0.0.1',
  port: 8080
}
[2020-06-29 21:52:02.540] [LOG]    MagicMirror will not quit, but it might be a good idea to check why this happened. Maybe no internet connection?
[2020-06-29 21:52:02.540] [LOG]    If you think this really is an issue, please open an issue on GitHub: https://github.com/MichMich/MagicMirror/issues
[2020-06-29 21:52:02.558] [LOG]    Launching application.

> magicmirror@2.11.0 start /home/pi/projects/MagicMirror
> DISPLAY="${DISPLAY:=:0}" ./node_modules/.bin/electron js/electron.js

[2020-06-29 21:54:25.145] [LOG]    Starting MagicMirror: v2.11.0
[2020-06-29 21:54:25.155] [LOG]    Loading config ...
[2020-06-29 21:54:25.165] [LOG]    Loading module helpers ...
[2020-06-29 21:54:25.168] [LOG]    No helper found for module: alert.
[2020-06-29 21:54:25.244] [LOG]    Initializing new module helper ...
[2020-06-29 21:54:25.245] [LOG]    Module helper loaded: updatenotification
[2020-06-29 21:54:25.246] [LOG]    No helper found for module: clock.
[2020-06-29 21:54:25.815] [LOG]    Initializing new module helper ...
[2020-06-29 21:54:25.816] [LOG]    Module helper loaded: calendar
[2020-06-29 21:54:25.817] [LOG]    No helper found for module: compliments.
[2020-06-29 21:54:25.818] [LOG]    No helper found for module: currentweather.
[2020-06-29 21:54:25.818] [LOG]    No helper found for module: weatherforecast.
[2020-06-29 21:54:25.853] [LOG]    Initializing new module helper ...
[2020-06-29 21:54:25.854] [LOG]    Module helper loaded: newsfeed
[2020-06-29 21:54:25.854] [LOG]    All module helpers loaded.
[2020-06-29 21:54:26.021] [LOG]    Starting server on port 8080 ... 
[2020-06-29 21:54:26.040] [LOG]    Server started ...
[2020-06-29 21:54:26.042] [LOG]    Connecting socket for: updatenotification
[2020-06-29 21:54:26.043] [LOG]    Connecting socket for: calendar
[2020-06-29 21:54:26.043] [LOG]    Starting node helper for: calendar
[2020-06-29 21:54:26.044] [LOG]    Connecting socket for: newsfeed
[2020-06-29 21:54:26.045] [LOG]    Starting module: newsfeed
[2020-06-29 21:54:26.045] [LOG]    Sockets connected & modules started ...
[2020-06-29 21:54:26.210] [LOG]    Launching application.
[2020-06-29 21:54:33.396] [LOG]    Create new calendar fetcher for url: http://www.calendarlabs.com/ical-calendar/ics/76/US_Holidays.ics - Interval: 300000
[2020-06-29 21:54:33.442] [LOG]    Create new news fetcher for url: http://www.nytimes.com/services/xml/rss/nyt/HomePage.xml - Interval: 300000
[2020-06-29 22:31:30.312] [LOG]    Shutting down server...
[2020-06-29 22:31:30.329] [LOG]    Stopping module helper: updatenotification
[2020-06-29 22:31:30.332] [LOG]    Stopping module helper: calendar
[2020-06-29 22:31:30.332] [LOG]    Stopping module helper: newsfeed
[2020-06-29 22:32:44.309] [LOG]    Shutting down server...
[2020-06-29 22:32:44.312] [LOG]    Stopping module helper: updatenotification
[2020-06-29 22:32:44.313] [LOG]    Stopping module helper: calendar
[2020-06-29 22:32:44.314] [LOG]    Stopping module helper: newsfeed

> magicmirror@2.11.0 start /home/pi/projects/MagicMirror
> DISPLAY="${DISPLAY:=:0}" ./node_modules/.bin/electron js/electron.js

[2020-06-29 22:33:12.697] [LOG]    Starting MagicMirror: v2.11.0
[2020-06-29 22:33:12.707] [LOG]    Loading config ...
[2020-06-29 22:33:12.715] [LOG]    Loading module helpers ...
[2020-06-29 22:33:12.717] [LOG]    No helper found for module: alert.
[2020-06-29 22:33:12.826] [LOG]    Initializing new module helper ...
[2020-06-29 22:33:12.827] [LOG]    Module helper loaded: updatenotification
[2020-06-29 22:33:12.828] [LOG]    No helper found for module: clock.
[2020-06-29 22:33:13.730] [LOG]    Initializing new module helper ...
[2020-06-29 22:33:13.730] [LOG]    Module helper loaded: calendar
[2020-06-29 22:33:13.731] [LOG]    No helper found for module: compliments.
[2020-06-29 22:33:13.732] [LOG]    No helper found for module: currentweather.
[2020-06-29 22:33:13.733] [LOG]    No helper found for module: weatherforecast.
[2020-06-29 22:33:13.792] [LOG]    Initializing new module helper ...
[2020-06-29 22:33:13.792] [LOG]    Module helper loaded: newsfeed
[2020-06-29 22:33:13.793] [LOG]    All module helpers loaded.
[2020-06-29 22:33:14.088] [LOG]    Starting server on port 8080 ... 
[2020-06-29 22:33:14.106] [LOG]    Server started ...
[2020-06-29 22:33:14.108] [LOG]    Connecting socket for: updatenotification
[2020-06-29 22:33:14.109] [LOG]    Connecting socket for: calendar
[2020-06-29 22:33:14.109] [LOG]    Starting node helper for: calendar
[2020-06-29 22:33:14.110] [LOG]    Connecting socket for: newsfeed
[2020-06-29 22:33:14.111] [LOG]    Starting module: newsfeed
[2020-06-29 22:33:14.111] [LOG]    Sockets connected & modules started ...
[2020-06-29 22:33:14.313] [LOG]    Launching application.
[2020-06-29 22:33:16.935] [LOG]    Create new calendar fetcher for url: http://www.calendarlabs.com/ical-calendar/ics/76/US_Holidays.ics - Interval: 300000
[2020-06-29 22:33:16.981] [LOG]    Create new news fetcher for url: http://www.nytimes.com/services/xml/rss/nyt/HomePage.xml - Interval: 300000
[2020-06-29 22:34:36.181] [LOG]    Shutting down server...
[2020-06-29 22:34:36.184] [LOG]    Stopping module helper: updatenotification
[2020-06-29 22:34:36.185] [LOG]    Stopping module helper: calendar
[2020-06-29 22:34:36.186] [LOG]    Stopping module helper: newsfeed

> magicmirror@2.11.0 start /home/pi/projects/MagicMirror
> DISPLAY="${DISPLAY:=:0}" ./node_modules/.bin/electron js/electron.js

[2020-06-29 22:39:09.880] [LOG]    Starting MagicMirror: v2.11.0
[2020-06-29 22:39:09.890] [LOG]    Loading config ...
[2020-06-29 22:39:09.899] [LOG]    Loading module helpers ...
[2020-06-29 22:39:09.903] [LOG]    No helper found for module: alert.
[2020-06-29 22:39:09.963] [LOG]    Initializing new module helper ...
[2020-06-29 22:39:09.964] [LOG]    Module helper loaded: updatenotification
[2020-06-29 22:39:09.965] [LOG]    No helper found for module: clock.
[2020-06-29 22:39:10.537] [LOG]    Initializing new module helper ...
[2020-06-29 22:39:10.538] [LOG]    Module helper loaded: calendar
[2020-06-29 22:39:10.539] [LOG]    No helper found for module: compliments.
[2020-06-29 22:39:10.539] [LOG]    No helper found for module: currentweather.
[2020-06-29 22:39:10.540] [LOG]    No helper found for module: weatherforecast.
[2020-06-29 22:39:10.575] [LOG]    Initializing new module helper ...
[2020-06-29 22:39:10.575] [LOG]    Module helper loaded: newsfeed
[2020-06-29 22:39:10.576] [LOG]    All module helpers loaded.
[2020-06-29 22:39:10.734] [LOG]    Starting server on port 8080 ... 
[2020-06-29 22:39:10.753] [LOG]    Server started ...
[2020-06-29 22:39:10.754] [LOG]    Connecting socket for: updatenotification
[2020-06-29 22:39:10.755] [LOG]    Connecting socket for: calendar
[2020-06-29 22:39:10.756] [LOG]    Starting node helper for: calendar
[2020-06-29 22:39:10.757] [LOG]    Connecting socket for: newsfeed
[2020-06-29 22:39:10.757] [LOG]    Starting module: newsfeed
[2020-06-29 22:39:10.758] [LOG]    Sockets connected & modules started ...
[2020-06-29 22:39:10.888] [LOG]    Launching application.
[2020-06-29 22:39:13.153] [LOG]    Create new calendar fetcher for url: http://www.calendarlabs.com/ical-calendar/ics/76/US_Holidays.ics - Interval: 300000
[2020-06-29 22:39:13.246] [LOG]    Create new news fetcher for url: http://www.nytimes.com/services/xml/rss/nyt/HomePage.xml - Interval: 300000
[2020-06-29 22:39:23.475] [LOG]    Shutting down server...
[2020-06-29 22:39:23.477] [LOG]    Stopping module helper: updatenotification
[2020-06-29 22:39:23.478] [LOG]    Stopping module helper: calendar
[2020-06-29 22:39:23.480] [LOG]    Stopping module helper: newsfeed

> magicmirror@2.11.0 start /home/pi/projects/MagicMirror
> DISPLAY="${DISPLAY:=:0}" ./node_modules/.bin/electron js/electron.js

[2020-06-29 22:41:04.715] [LOG]    Starting MagicMirror: v2.11.0
[2020-06-29 22:41:04.724] [LOG]    Loading config ...
[2020-06-29 22:41:04.735] [LOG]    Loading module helpers ...
[2020-06-29 22:41:04.738] [LOG]    No helper found for module: alert.
[2020-06-29 22:41:04.799] [LOG]    Initializing new module helper ...
[2020-06-29 22:41:04.800] [LOG]    Module helper loaded: updatenotification
[2020-06-29 22:41:04.801] [LOG]    No helper found for module: clock.
[2020-06-29 22:41:05.390] [LOG]    Initializing new module helper ...
[2020-06-29 22:41:05.391] [LOG]    Module helper loaded: calendar
[2020-06-29 22:41:05.391] [LOG]    No helper found for module: compliments.
[2020-06-29 22:41:05.392] [LOG]    No helper found for module: currentweather.
[2020-06-29 22:41:05.393] [LOG]    No helper found for module: weatherforecast.
[2020-06-29 22:41:05.428] [LOG]    Initializing new module helper ...
[2020-06-29 22:41:05.428] [LOG]    Module helper loaded: newsfeed
[2020-06-29 22:41:05.429] [LOG]    All module helpers loaded.
[2020-06-29 22:41:05.591] [LOG]    Starting server on port 8080 ... 
[2020-06-29 22:41:05.610] [LOG]    Server started ...
[2020-06-29 22:41:05.611] [LOG]    Connecting socket for: updatenotification
[2020-06-29 22:41:05.612] [LOG]    Connecting socket for: calendar
[2020-06-29 22:41:05.613] [LOG]    Starting node helper for: calendar
[2020-06-29 22:41:05.613] [LOG]    Connecting socket for: newsfeed
[2020-06-29 22:41:05.614] [LOG]    Starting module: newsfeed
[2020-06-29 22:41:05.615] [LOG]    Sockets connected & modules started ...
[2020-06-29 22:41:05.734] [LOG]    Launching application.
[2020-06-29 22:41:08.020] [LOG]    Create new calendar fetcher for url: http://www.calendarlabs.com/ical-calendar/ics/76/US_Holidays.ics - Interval: 300000
[2020-06-29 22:41:08.090] [LOG]    Create new news fetcher for url: http://www.nytimes.com/services/xml/rss/nyt/HomePage.xml - Interval: 300000

> magicmirror@2.11.0 start /home/pi/projects/MagicMirror
> DISPLAY="${DISPLAY:=:0}" ./node_modules/.bin/electron js/electron.js

[2020-06-29 22:42:51.514] [LOG]    Starting MagicMirror: v2.11.0
[2020-06-29 22:42:51.525] [LOG]    Loading config ...
[2020-06-29 22:42:51.536] [LOG]    Loading module helpers ...
[2020-06-29 22:42:51.539] [LOG]    No helper found for module: alert.
[2020-06-29 22:42:51.604] [LOG]    Initializing new module helper ...
[2020-06-29 22:42:51.605] [LOG]    Module helper loaded: updatenotification
[2020-06-29 22:42:51.606] [LOG]    No helper found for module: clock.
[2020-06-29 22:42:52.243] [LOG]    Initializing new module helper ...
[2020-06-29 22:42:52.244] [LOG]    Module helper loaded: calendar
[2020-06-29 22:42:52.245] [LOG]    No helper found for module: compliments.
[2020-06-29 22:42:52.246] [LOG]    No helper found for module: currentweather.
[2020-06-29 22:42:52.246] [LOG]    No helper found for module: weatherforecast.
[2020-06-29 22:42:52.283] [LOG]    Initializing new module helper ...
[2020-06-29 22:42:52.284] [LOG]    Module helper loaded: newsfeed
[2020-06-29 22:42:52.285] [LOG]    All module helpers loaded.
[2020-06-29 22:42:52.453] [LOG]    Starting server on port 8080 ... 
[2020-06-29 22:42:52.471] [LOG]    Server started ...
[2020-06-29 22:42:52.473] [LOG]    Connecting socket for: updatenotification
[2020-06-29 22:42:52.474] [LOG]    Connecting socket for: calendar
[2020-06-29 22:42:52.475] [LOG]    Starting node helper for: calendar
[2020-06-29 22:42:52.475] [LOG]    Connecting socket for: newsfeed
[2020-06-29 22:42:52.476] [LOG]    Starting module: newsfeed
[2020-06-29 22:42:52.476] [LOG]    Sockets connected & modules started ...
[2020-06-29 22:42:52.593] [LOG]    Whoops! There was an uncaught exception...
[2020-06-29 22:42:52.593] [ERROR]  Error: listen EADDRINUSE: address already in use 127.0.0.1:8080
    at Server.setupListenHandle [as _listen2] (net.js:1226:14)
    at listenInCluster (net.js:1274:12)
    at GetAddrInfoReqWrap.doListen [as callback] (net.js:1413:7)
    at GetAddrInfoReqWrap.onlookup [as oncomplete] (dns.js:65:10) {
  code: 'EADDRINUSE',
  errno: 'EADDRINUSE',
  syscall: 'listen',
  address: '127.0.0.1',
  port: 8080
}
[2020-06-29 22:42:52.603] [LOG]    MagicMirror will not quit, but it might be a good idea to check why this happened. Maybe no internet connection?
[2020-06-29 22:42:52.604] [LOG]    If you think this really is an issue, please open an issue on GitHub: https://github.com/MichMich/MagicMirror/issues
[2020-06-29 22:42:52.611] [LOG]    Launching application.
[2020-06-29 22:42:59.044] [LOG]    Use existing news fetcher for url: http://www.nytimes.com/services/xml/rss/nyt/HomePage.xml
[2020-06-29 22:46:59.576] [LOG]    Shutting down server...
[2020-06-29 22:46:59.577] [LOG]    Stopping module helper: updatenotification
[2020-06-29 22:46:59.578] [LOG]    Stopping module helper: calendar
[2020-06-29 22:46:59.579] [LOG]    Stopping module helper: newsfeed
[2020-06-29 22:47:18.977] [LOG]    Shutting down server...
[2020-06-29 22:47:18.998] [LOG]    Stopping module helper: updatenotification
[2020-06-29 22:47:19.000] [LOG]    Stopping module helper: calendar
[2020-06-29 22:47:19.002] [LOG]    Stopping module helper: newsfeed
